Archive member included to satisfy reference by file (symbol)

c:/nxp/mcuxpressoide_10.1.1_606/ide/tools/bin/../lib/gcc/arm-none-eabi/6.3.1/../../../../arm-none-eabi/lib/thumb/v7e-m/fpv4-sp/hard\libcr_nohost_nf.a(_cr__main.o)
                              ./startup/startup_mk64f12.o (__main)
c:/nxp/mcuxpressoide_10.1.1_606/ide/tools/bin/../lib/gcc/arm-none-eabi/6.3.1/../../../../arm-none-eabi/lib/thumb/v7e-m/fpv4-sp/hard\libcr_nohost_nf.a(_cr_assert.o)
                              ./utilities/fsl_debug_console.o (__assertion_failed)
c:/nxp/mcuxpressoide_10.1.1_606/ide/tools/bin/../lib/gcc/arm-none-eabi/6.3.1/../../../../arm-none-eabi/lib/thumb/v7e-m/fpv4-sp/hard\libcr_nohost_nf.a(__ciob.o)
                              c:/nxp/mcuxpressoide_10.1.1_606/ide/tools/bin/../lib/gcc/arm-none-eabi/6.3.1/../../../../arm-none-eabi/lib/thumb/v7e-m/fpv4-sp/hard\libcr_nohost_nf.a(_cr_assert.o) (__Ciob)
c:/nxp/mcuxpressoide_10.1.1_606/ide/tools/bin/../lib/gcc/arm-none-eabi/6.3.1/../../../../arm-none-eabi/lib/thumb/v7e-m/fpv4-sp/hard\libcr_nohost_nf.a(__sys_appexit.o)
                              c:/nxp/mcuxpressoide_10.1.1_606/ide/tools/bin/../lib/gcc/arm-none-eabi/6.3.1/../../../../arm-none-eabi/lib/thumb/v7e-m/fpv4-sp/hard\libcr_nohost_nf.a(_cr_assert.o) (__sys_appexit)
c:/nxp/mcuxpressoide_10.1.1_606/ide/tools/bin/../lib/gcc/arm-none-eabi/6.3.1/../../../../arm-none-eabi/lib/thumb/v7e-m/fpv4-sp/hard\libcr_c.a(memcpy.o)
                              ./drivers/fsl_flash.o (memcpy)
c:/nxp/mcuxpressoide_10.1.1_606/ide/tools/bin/../lib/gcc/arm-none-eabi/6.3.1/../../../../arm-none-eabi/lib/thumb/v7e-m/fpv4-sp/hard\libcr_c.a(memset.o)
                              ./utilities/fsl_debug_console.o (memset)
c:/nxp/mcuxpressoide_10.1.1_606/ide/tools/bin/../lib/gcc/arm-none-eabi/6.3.1/../../../../arm-none-eabi/lib/thumb/v7e-m/fpv4-sp/hard\libcr_c.a(_deferredlazyseek.o)
                              c:/nxp/mcuxpressoide_10.1.1_606/ide/tools/bin/../lib/gcc/arm-none-eabi/6.3.1/../../../../arm-none-eabi/lib/thumb/v7e-m/fpv4-sp/hard\libcr_nohost_nf.a(_cr_assert.o) (__flsbuf)
c:/nxp/mcuxpressoide_10.1.1_606/ide/tools/bin/../lib/gcc/arm-none-eabi/6.3.1/../../../../arm-none-eabi/lib/thumb/v7e-m/fpv4-sp/hard\libcr_c.a(_fflush.o)
                              c:/nxp/mcuxpressoide_10.1.1_606/ide/tools/bin/../lib/gcc/arm-none-eabi/6.3.1/../../../../arm-none-eabi/lib/thumb/v7e-m/fpv4-sp/hard\libcr_c.a(_deferredlazyseek.o) (_fflush)
c:/nxp/mcuxpressoide_10.1.1_606/ide/tools/bin/../lib/gcc/arm-none-eabi/6.3.1/../../../../arm-none-eabi/lib/thumb/v7e-m/fpv4-sp/hard\libcr_c.a(_writebuf.o)
                              c:/nxp/mcuxpressoide_10.1.1_606/ide/tools/bin/../lib/gcc/arm-none-eabi/6.3.1/../../../../arm-none-eabi/lib/thumb/v7e-m/fpv4-sp/hard\libcr_c.a(_deferredlazyseek.o) (_Cwritebuf)
c:/nxp/mcuxpressoide_10.1.1_606/ide/tools/bin/../lib/gcc/arm-none-eabi/6.3.1/../../../../arm-none-eabi/lib/thumb/v7e-m/fpv4-sp/hard\libcr_c.a(alloc.o)
                              c:/nxp/mcuxpressoide_10.1.1_606/ide/tools/bin/../lib/gcc/arm-none-eabi/6.3.1/../../../../arm-none-eabi/lib/thumb/v7e-m/fpv4-sp/hard\libcr_c.a(_deferredlazyseek.o) (_Csys_alloc)
c:/nxp/mcuxpressoide_10.1.1_606/ide/tools/bin/../lib/gcc/arm-none-eabi/6.3.1/../../../../arm-none-eabi/lib/thumb/v7e-m/fpv4-sp/hard\libcr_c.a(fputs.o)
                              c:/nxp/mcuxpressoide_10.1.1_606/ide/tools/bin/../lib/gcc/arm-none-eabi/6.3.1/../../../../arm-none-eabi/lib/thumb/v7e-m/fpv4-sp/hard\libcr_nohost_nf.a(_cr_assert.o) (fputs)
c:/nxp/mcuxpressoide_10.1.1_606/ide/tools/bin/../lib/gcc/arm-none-eabi/6.3.1/../../../../arm-none-eabi/lib/thumb/v7e-m/fpv4-sp/hard\libcr_c.a(fseek.o)
                              c:/nxp/mcuxpressoide_10.1.1_606/ide/tools/bin/../lib/gcc/arm-none-eabi/6.3.1/../../../../arm-none-eabi/lib/thumb/v7e-m/fpv4-sp/hard\libcr_c.a(_deferredlazyseek.o) (fseek)
c:/nxp/mcuxpressoide_10.1.1_606/ide/tools/bin/../lib/gcc/arm-none-eabi/6.3.1/../../../../arm-none-eabi/lib/thumb/v7e-m/fpv4-sp/hard\libcr_c.a(ftell.o)
                              c:/nxp/mcuxpressoide_10.1.1_606/ide/tools/bin/../lib/gcc/arm-none-eabi/6.3.1/../../../../arm-none-eabi/lib/thumb/v7e-m/fpv4-sp/hard\libcr_c.a(fseek.o) (ftell)
c:/nxp/mcuxpressoide_10.1.1_606/ide/tools/bin/../lib/gcc/arm-none-eabi/6.3.1/../../../../arm-none-eabi/lib/thumb/v7e-m/fpv4-sp/hard\libcr_c.a(initio.o)
                              c:/nxp/mcuxpressoide_10.1.1_606/ide/tools/bin/../lib/gcc/arm-none-eabi/6.3.1/../../../../arm-none-eabi/lib/thumb/v7e-m/fpv4-sp/hard\libcr_nohost_nf.a(_cr__main.o) (_initio)
c:/nxp/mcuxpressoide_10.1.1_606/ide/tools/bin/../lib/gcc/arm-none-eabi/6.3.1/../../../../arm-none-eabi/lib/thumb/v7e-m/fpv4-sp/hard\libcr_c.a(setvbuf.o)
                              c:/nxp/mcuxpressoide_10.1.1_606/ide/tools/bin/../lib/gcc/arm-none-eabi/6.3.1/../../../../arm-none-eabi/lib/thumb/v7e-m/fpv4-sp/hard\libcr_c.a(initio.o) (setvbuf)
[...]
Memory Configuration

Name             Origin             Length             Attributes
PROGRAM_FLASH    0x00000000         0x00100000         xr
SRAM_UPPER       0x20000000         0x00030000         xrw
SRAM_LOWER       0x1fff0000         0x00010000         xrw
FLEX_RAM         0x14000000         0x00001000         xrw
*default*        0x00000000         0xffffffff

Linker script and memory map

LOAD ./utilities/fsl_debug_console.o
LOAD ./utilities/fsl_io.o
LOAD ./utilities/fsl_log.o
LOAD ./utilities/fsl_str.o
LOAD ./startup/startup_mk64f12.o
LOAD ./source/PIT_leds.o
LOAD ./source/semihost_hardfault.o
LOAD ./drivers/fsl_clock.o
LOAD ./drivers/fsl_common.o
LOAD ./drivers/fsl_flash.o
LOAD ./drivers/fsl_gpio.o
LOAD ./drivers/fsl_pit.o
LOAD ./drivers/fsl_smc.o
LOAD ./drivers/fsl_uart.o
LOAD ./board/board.o
LOAD ./board/clock_config.o
LOAD ./board/peripherals.o
LOAD ./board/pin_mux.o
LOAD ./CMSIS/system_MK64F12.o
START GROUP
LOAD c:/nxp/mcuxpressoide_10.1.1_606/ide/tools/bin/../lib/gcc/arm-none-eabi/6.3.1/../../../../arm-none-eabi/lib/thumb/v7e-m/fpv4-sp/hard\libcr_nohost_nf.a
LOAD c:/nxp/mcuxpressoide_10.1.1_606/ide/tools/bin/../lib/gcc/arm-none-eabi/6.3.1/../../../../arm-none-eabi/lib/thumb/v7e-m/fpv4-sp/hard\libcr_c.a
LOAD c:/nxp/mcuxpressoide_10.1.1_606/ide/tools/bin/../lib/gcc/arm-none-eabi/6.3.1/thumb/v7e-m/fpv4-sp/hard\libcr_eabihelpers.a
END GROUP
                0x00000000                __base_PROGRAM_FLASH = 0x0
                0x00000000                __base_Flash = 0x0
                0x00100000                __top_PROGRAM_FLASH = 0x100000
                0x00100000                __top_Flash = 0x100000
                0x20000000                __base_SRAM_UPPER = 0x20000000
                0x20000000                __base_RAM = 0x20000000
                0x20030000                __top_SRAM_UPPER = 0x20030000
                0x20030000                __top_RAM = 0x20030000
                0x1fff0000                __base_SRAM_LOWER = 0x1fff0000
                0x1fff0000                __base_RAM2 = 0x1fff0000
                0x20000000                __top_SRAM_LOWER = 0x20000000
                0x20000000                __top_RAM2 = 0x20000000
                0x14000000                __base_FLEX_RAM = 0x14000000
                0x14000000                __base_RAM3 = 0x14000000
                0x14001000                __top_FLEX_RAM = 0x14001000
                0x14001000                __top_RAM3 = 0x14001000

.text           0x00000000     0x7d24
 FILL mask 0xff
                0x00000000                __vectors_start__ = ABSOLUTE (.)
 *(.isr_vector)
 .isr_vector    0x00000000      0x198 ./startup/startup_mk64f12.o
                0x00000000                g_pfnVectors
                0x00000000                __Vectors
                0x00000198                . = ALIGN (0x4)
                0x00000198                __section_table_start = .
                0x00000198                __data_section_table = .
                0x00000198        0x4 LONG 0x7d24 LOADADDR (.data)
                0x0000019c        0x4 LONG 0x20000000 ADDR (.data)
                0x000001a0        0x4 LONG 0x10 SIZEOF (.data)
                0x000001a4        0x4 LONG 0x7d24 LOADADDR (.data_RAM2)
                0x000001a8        0x4 LONG 0x1fff0000 ADDR (.data_RAM2)
                0x000001ac        0x4 LONG 0x0 SIZEOF (.data_RAM2)
                0x000001b0        0x4 LONG 0x7d24 LOADADDR (.data_RAM3)
                0x000001b4        0x4 LONG 0x14000000 ADDR (.data_RAM3)
                0x000001b8        0x4 LONG 0x0 SIZEOF (.data_RAM3)
                0x000001bc                __data_section_table_end = .
                0x000001bc                __bss_section_table = .
                0x000001bc        0x4 LONG 0x20000010 ADDR (.bss)
                0x000001c0        0x4 LONG 0x190 SIZEOF (.bss)
                0x000001c4        0x4 LONG 0x1fff0000 ADDR (.bss_RAM2)
                0x000001c8        0x4 LONG 0x0 SIZEOF (.bss_RAM2)
                0x000001cc        0x4 LONG 0x14000000 ADDR (.bss_RAM3)
                0x000001d0        0x4 LONG 0x0 SIZEOF (.bss_RAM3)
                0x000001d4                __bss_section_table_end = .
                0x000001d4                __section_table_end = .
 *(.after_vectors*)
 .after_vectors.init_data
                0x000001d4       0x1e ./startup/startup_mk64f12.o
                0x000001d4                data_init
 .after_vectors.init_bss
                0x000001f2       0x12 ./startup/startup_mk64f12.o
                0x000001f2                bss_init
 .after_vectors.reset
                0x00000204       0x4c ./startup/startup_mk64f12.o
                0x00000204                ResetISR
 .after_vectors
                0x00000250       0x14 ./startup/startup_mk64f12.o
                0x00000250                NMI_Handler
                0x00000254                MemManage_Handler
                0x00000256                BusFault_Handler
                0x00000258                UsageFault_Handler
                0x0000025a                SVC_Handler
                0x0000025c                DebugMon_Handler
                0x0000025e                PendSV_Handler
                0x00000260                SysTick_Handler
                0x00000262                DMA_Error_DriverIRQHandler
                0x00000262                LPTMR0_DriverIRQHandler
                0x00000262                FTM1_DriverIRQHandler
                0x00000262                FTM2_DriverIRQHandler
                0x00000262                PIT2_DriverIRQHandler
                0x00000262                SDHC_DriverIRQHandler
                0x00000262                I2S0_Tx_DriverIRQHandler
                0x00000262                RTC_Seconds_DriverIRQHandler
                0x00000262                DMA6_DriverIRQHandler
                0x00000262                LLWU_DriverIRQHandler
                0x00000262                MCM_DriverIRQHandler
                0x00000262                MCG_DriverIRQHandler
                0x00000262                ENET_1588_Timer_DriverIRQHandler
                0x00000262                I2C2_DriverIRQHandler
                0x00000262                DAC1_DriverIRQHandler
                0x00000262                SPI1_DriverIRQHandler
                0x00000262                CMP1_DriverIRQHandler
                0x00000262                FTM0_DriverIRQHandler
                0x00000262                IntDefaultHandler
                0x00000262                USB0_DriverIRQHandler
                0x00000262                UART5_ERR_DriverIRQHandler
                0x00000262                PORTC_DriverIRQHandler
                0x00000262                DMA11_DriverIRQHandler
                0x00000262                DAC0_DriverIRQHandler
                0x00000262                DMA10_DriverIRQHandler
                0x00000262                CMP2_DriverIRQHandler
                0x00000262                UART2_ERR_DriverIRQHandler
                0x00000262                SPI2_DriverIRQHandler
                0x00000262                LVD_LVW_DriverIRQHandler
                0x00000262                PIT0_DriverIRQHandler
                0x00000262                DMA12_DriverIRQHandler
                0x00000262                DMA5_DriverIRQHandler
                0x00000262                DMA4_DriverIRQHandler
                0x00000262                USBDCD_DriverIRQHandler
                0x00000262                UART3_ERR_DriverIRQHandler
                0x00000262                DMA3_DriverIRQHandler
                0x00000262                DMA8_DriverIRQHandler
                0x00000262                DMA9_DriverIRQHandler
                0x00000262                UART0_ERR_DriverIRQHandler
                0x00000262                CMT_DriverIRQHandler
                0x00000262                Reserved71_DriverIRQHandler
                0x00000262                ADC1_DriverIRQHandler
                0x00000262                PORTA_DriverIRQHandler
                0x00000262                DMA14_DriverIRQHandler
                0x00000262                PIT3_DriverIRQHandler
                0x00000262                PIT1_DriverIRQHandler
                0x00000262                WDOG_EWM_DriverIRQHandler
                0x00000262                PDB0_DriverIRQHandler
                0x00000262                RTC_DriverIRQHandler
                0x00000262                I2S0_Rx_DriverIRQHandler
                0x00000262                Read_Collision_DriverIRQHandler
                0x00000262                SWI_DriverIRQHandler
                0x00000262                UART4_ERR_DriverIRQHandler
                0x00000262                PORTB_DriverIRQHandler
                0x00000262                UART0_LON_DriverIRQHandler
                0x00000262                DMA0_DriverIRQHandler
                0x00000262                DMA1_DriverIRQHandler
                0x00000262                I2C1_DriverIRQHandler
                0x00000262                ENET_Receive_DriverIRQHandler
                0x00000262                DMA13_DriverIRQHandler
                0x00000262                ENET_Error_DriverIRQHandler
                0x00000262                DMA15_DriverIRQHandler
                0x00000262                SPI0_DriverIRQHandler
                0x00000262                ADC0_DriverIRQHandler
                0x00000262                CMP0_DriverIRQHandler
                0x00000262                CAN0_DriverIRQHandler
                0x00000262                FTM3_DriverIRQHandler
                0x00000262                RNG_DriverIRQHandler
                0x00000262                UART1_ERR_DriverIRQHandler
                0x00000262                DMA2_DriverIRQHandler
                0x00000262                ENET_Transmit_DriverIRQHandler
                0x00000262                PORTD_DriverIRQHandler
                0x00000262                PORTE_DriverIRQHandler
                0x00000262                FTFE_DriverIRQHandler
                0x00000262                I2C0_DriverIRQHandler
                0x00000262                DMA7_DriverIRQHandler
                0x00000400                . = 0x400
 *fill*         0x00000264      0x19c ff
                0x00000400                PROVIDE (__FLASH_CONFIG_START__, .)
 *(.FlashConfig)
 .FlashConfig   0x00000400       0x10 ./startup/startup_mk64f12.o
                0x00000400                Flash_Config
                0x00000410                PROVIDE (__FLASH_CONFIG_END__, .)
                0x00000001                ASSERT (! ((__FLASH_CONFIG_START__ == __FLASH_CONFIG_END__)), Linker Flash Config Support Enabled, but no .FlashConfig section provided within application)
 *(.text*)
 .text          0x00000410      0x198 ./utilities/fsl_debug_console.o
                0x00000410                DbgConsole_Init
                0x00000448                DbgConsole_Deinit
                0x00000456                DbgConsole_Flush
                0x00000464                DbgConsole_Printf
                0x000004c8                DbgConsole_Putchar
                0x000004e4                DbgConsole_Scanf
                0x0000052a                DbgConsole_Getchar
 .text          0x000005a8      0x1cc ./utilities/fsl_io.o
                0x00000628                IO_Init
                0x000006a8                IO_Deinit
                0x000006e8                IO_WaitIdle
                0x00000718                IO_Transfer
 .text          0x00000774      0x1c8 ./utilities/fsl_log.o
                0x00000774                LOG_Init
                0x000007a4                LOG_Deinit
                0x000007b0                LOG_WaitIdle
                0x000007be                LOG_Push
                0x000007ec                LOG_Pop
                0x0000082e                LOG_ReadLine
                0x000008d4                LOG_ReadCharacter
 .text          0x0000093c      0xab4 ./utilities/fsl_str.o
                0x00000ab0                StrFormatPrintf
                0x00000e0a                StrFormatScanf
 .text          0x000013f0      0x2b0 ./startup/startup_mk64f12.o
                0x000013f0                DMA0_IRQHandler
                0x000013f8                DMA1_IRQHandler
                0x00001400                DMA2_IRQHandler
                0x00001408                DMA3_IRQHandler
                0x00001410                DMA4_IRQHandler
                0x00001418                DMA5_IRQHandler
                0x00001420                DMA6_IRQHandler
                0x00001428                DMA7_IRQHandler
                0x00001430                DMA8_IRQHandler
                0x00001438                DMA9_IRQHandler
                0x00001440                DMA10_IRQHandler
                0x00001448                DMA11_IRQHandler
                0x00001450                DMA12_IRQHandler
                0x00001458                DMA13_IRQHandler
                0x00001460                DMA14_IRQHandler
                0x00001468                DMA15_IRQHandler
                0x00001470                DMA_Error_IRQHandler
                0x00001478                MCM_IRQHandler
                0x00001480                FTFE_IRQHandler
                0x00001488                Read_Collision_IRQHandler
                0x00001490                LVD_LVW_IRQHandler
                0x00001498                LLWU_IRQHandler
                0x000014a0                WDOG_EWM_IRQHandler
                0x000014a8                RNG_IRQHandler
                0x000014b0                I2C0_IRQHandler
                0x000014b8                I2C1_IRQHandler
                0x000014c0                SPI0_IRQHandler
                0x000014c8                SPI1_IRQHandler
                0x000014d0                I2S0_Tx_IRQHandler
                0x000014d8                I2S0_Rx_IRQHandler
                0x000014e0                UART0_LON_IRQHandler
                0x000014e8                UART0_RX_TX_IRQHandler
                0x000014f0                UART0_ERR_IRQHandler
                0x000014f8                UART1_RX_TX_IRQHandler
                0x00001500                UART1_ERR_IRQHandler
                0x00001508                UART2_RX_TX_IRQHandler
                0x00001510                UART2_ERR_IRQHandler
                0x00001518                UART3_RX_TX_IRQHandler
                0x00001520                UART3_ERR_IRQHandler
                0x00001528                ADC0_IRQHandler
                0x00001530                CMP0_IRQHandler
                0x00001538                CMP1_IRQHandler
                0x00001540                FTM0_IRQHandler
                0x00001548                FTM1_IRQHandler
                0x00001550                FTM2_IRQHandler
                0x00001558                CMT_IRQHandler
                0x00001560                RTC_IRQHandler
                0x00001568                RTC_Seconds_IRQHandler
                0x00001578                PIT1_IRQHandler
                0x00001580                PIT2_IRQHandler
                0x00001588                PIT3_IRQHandler
                0x00001590                PDB0_IRQHandler
                0x00001598                USB0_IRQHandler
                0x000015a0                USBDCD_IRQHandler
                0x000015a8                Reserved71_IRQHandler
                0x000015b0                DAC0_IRQHandler
                0x000015b8                MCG_IRQHandler
                0x000015c0                LPTMR0_IRQHandler
                0x000015d0                PORTB_IRQHandler
                0x000015e0                PORTD_IRQHandler
                0x000015e8                PORTE_IRQHandler
                0x000015f0                SWI_IRQHandler
                0x000015f8                SPI2_IRQHandler
                0x00001600                UART4_RX_TX_IRQHandler
                0x00001608                UART4_ERR_IRQHandler
                0x00001610                UART5_RX_TX_IRQHandler
                0x00001618                UART5_ERR_IRQHandler
                0x00001620                CMP2_IRQHandler
                0x00001628                FTM3_IRQHandler
                0x00001630                DAC1_IRQHandler
                0x00001638                ADC1_IRQHandler
                0x00001640                I2C2_IRQHandler
                0x00001648                CAN0_ORed_Message_buffer_IRQHandler
                0x00001650                CAN0_Bus_Off_IRQHandler
                0x00001658                CAN0_Error_IRQHandler
                0x00001660                CAN0_Tx_Warning_IRQHandler
                0x00001668                CAN0_Rx_Warning_IRQHandler
                0x00001670                CAN0_Wake_Up_IRQHandler
                0x00001678                SDHC_IRQHandler
                0x00001680                ENET_1588_Timer_IRQHandler
                0x00001688                ENET_Transmit_IRQHandler
                0x00001690                ENET_Receive_IRQHandler
                0x00001698                ENET_Error_IRQHandler
 .text          0x000016a0      0x5cc ./source/PIT_leds.o
                0x000018f4                LED_sequence1
                0x00001980                LED_sequence2
                0x00001a28                PIT0_IRQHandler
                0x00001a54                PORTA_IRQHandler
                0x00001a98                PORTC_IRQHandler
                0x00001ae0                main
 .text          0x00001c6c       0x2a ./source/semihost_hardfault.o
                0x00001c6c                HardFault_Handler
 *fill*         0x00001c96        0x2 ff
 .text          0x00001c98     0x1aa8 ./drivers/fsl_clock.o
                0x00001dd8                CLOCK_FllStableDelay
                0x00002000                CLOCK_GetOsc0ErClkFreq
                0x00002038                CLOCK_GetEr32kClkFreq
                0x000020a8                CLOCK_GetPllFllSelClkFreq
                0x000020fc                CLOCK_GetPlatClkFreq
                0x00002124                CLOCK_GetFlashClkFreq
                0x0000214c                CLOCK_GetFlexBusClkFreq
                0x00002174                CLOCK_GetBusClkFreq
                0x0000219c                CLOCK_GetCoreSysClkFreq
                0x000021c4                CLOCK_GetFreq
                0x0000230c                CLOCK_SetSimConfig
                0x00002344                CLOCK_EnableUsbfs0Clock
                0x00002444                CLOCK_GetOutClkFreq
                0x000024a8                CLOCK_GetFllFreq
                0x00002524                CLOCK_GetInternalRefClkFreq
                0x00002548                CLOCK_GetFixedFreqClkFreq
                0x00002576                CLOCK_GetPll0Freq
                0x000025dc                CLOCK_SetExternalRefClkConfig
                0x00002648                CLOCK_SetInternalRefClkConfig
                0x0000274c                CLOCK_CalcPllDiv
                0x000028b8                CLOCK_EnablePll0
                0x0000293c                CLOCK_SetOsc0MonitorMode
                0x000029b8                CLOCK_SetRtcOscMonitorMode
                0x00002a04                CLOCK_SetPll0MonitorMode
                0x00002a78                CLOCK_GetStatusFlags
                0x00002afc                CLOCK_ClearStatusFlags
                0x00002b54                CLOCK_InitOsc0
                0x00002be0                CLOCK_DeinitOsc0
                0x00002c0c                CLOCK_TrimInternalRefClk
                0x00002d44                CLOCK_GetMode
                0x00002e00                CLOCK_SetFeiMode
                0x00002ec0                CLOCK_SetFeeMode
                0x00002fcc                CLOCK_SetFbiMode
                0x0000309c                CLOCK_SetFbeMode
                0x000031c8                CLOCK_SetBlpiMode
                0x000031ec                CLOCK_SetBlpeMode
                0x00003210                CLOCK_SetPbeMode
                0x000032b8                CLOCK_SetPeeMode
                0x000032f0                CLOCK_ExternalModeToFbeModeQuick
                0x0000335c                CLOCK_InternalModeToFbiModeQuick
                0x000033a8                CLOCK_BootToFeiMode
                0x000033ce                CLOCK_BootToFeeMode
                0x0000340a                CLOCK_BootToBlpiMode
                0x00003470                CLOCK_BootToBlpeMode
                0x000034f4                CLOCK_BootToPeeMode
                0x00003558                CLOCK_SetMcgConfig
 .text          0x00003740     0x146c ./drivers/fsl_flash.o
                0x00003740                FLASH_Init
                0x00003800                FLASH_PrepareExecuteInRamFunctions
                0x00003844                FLASH_EraseAll
                0x00003898                FLASH_Erase
                0x0000396c                FLASH_EraseAllExecuteOnlySegments
                0x000039c0                FLASH_Program
                0x00003a90                FLASH_ProgramOnce
                0x00003afc                FLASH_ProgramSection
                0x00003c48                FLASH_ReadResource
                0x00003d20                FLASH_ReadOnce
                0x00003d80                FLASH_GetSecurityState
                0x00003de8                FLASH_SecurityBypass
                0x00003e8c                FLASH_VerifyEraseAll
                0x00003ec8                FLASH_VerifyErase
                0x00003fb8                FLASH_VerifyProgram
                0x00004080                FLASH_VerifyEraseAllExecuteOnlySegments
                0x000040bc                FLASH_IsProtected
                0x00004308                FLASH_IsExecuteOnly
                0x00004348                FLASH_GetProperty
                0x0000441a                FLASH_SetProperty
                0x00004458                FLASH_SwapControl
                0x00004510                FLASH_Swap
                0x0000462c                FLASH_PflashSetProtection
                0x0000466c                FLASH_PflashGetProtection
                0x000046a0                FLASH_PflashSetPrefetchSpeculation
                0x00004720                FLASH_PflashGetPrefetchSpeculation
                0x00004840                fmc_flash_cache_clear
                0x00004870                fmc_flash_prefetch_speculation_clear
                0x000048a0                flash_cache_clear
 .text          0x00004bac      0x16c ./drivers/fsl_gpio.o
                0x00004c50                GPIO_PinInit
                0x00004cb4                GPIO_PortGetInterruptFlags
                0x00004ce4                GPIO_PortClearInterruptFlags
 .text          0x00004d18      0x394 ./drivers/fsl_smc.o
                0x00004d56                SMC_PreEnterStopModes
                0x00004d88                SMC_PostExitStopModes
                0x00004db8                SMC_PreEnterWaitModes
                0x00004dd4                SMC_PostExitWaitModes
                0x00004df0                SMC_SetPowerModeRun
                0x00004e1a                SMC_SetPowerModeWait
                0x00004e4c                SMC_SetPowerModeStop
                0x00004eac                SMC_SetPowerModeVlpr
                0x00004efa                SMC_SetPowerModeVlpw
                0x00004f2c                SMC_SetPowerModeVlps
                0x00004f90                SMC_SetPowerModeLls
                0x00004ff4                SMC_SetPowerModeVlls
 .text          0x000050ac     0x152c ./drivers/fsl_uart.o
                0x00005182                UART_GetInstance
                0x000051d4                UART_TransferGetRxRingBufferLength
                0x00005274                UART_Init
                0x0000554c                UART_Deinit
                0x00005598                UART_GetDefaultConfig
                0x000055f8                UART_SetBaudRate
                0x00005700                UART_EnableInterrupts
                0x00005770                UART_DisableInterrupts
                0x000057f0                UART_GetEnabledInterrupts
                0x0000583c                UART_GetStatusFlags
                0x00005882                UART_ClearStatusFlags
                0x0000590e                UART_WriteBlocking
                0x00005990                UART_ReadBlocking
                0x00005a68                UART_TransferCreateHandle
                0x00005aec                UART_TransferStartRingBuffer
                0x00005b60                UART_TransferStopRingBuffer
                0x00005bcc                UART_TransferSendNonBlocking
                0x00005c68                UART_TransferAbortSend
                0x00005ca4                UART_TransferGetSendCount
                0x00005cf8                UART_TransferReceiveNonBlocking
                0x00005ea8                UART_TransferAbortReceive
                0x00005f04                UART_TransferGetReceiveCount
                0x00005f64                UART_TransferHandleIRQ
                0x00006474                UART_TransferHandleErrorIRQ
                0x0000648a                UART0_DriverIRQHandler
                0x000064b0                UART0_RX_TX_DriverIRQHandler
                0x000064c0                UART1_DriverIRQHandler
                0x000064e8                UART1_RX_TX_DriverIRQHandler
                0x000064f8                UART2_DriverIRQHandler
                0x00006520                UART2_RX_TX_DriverIRQHandler
                0x00006530                UART3_DriverIRQHandler
                0x00006558                UART3_RX_TX_DriverIRQHandler
                0x00006568                UART4_DriverIRQHandler
                0x00006590                UART4_RX_TX_DriverIRQHandler
                0x000065a0                UART5_DriverIRQHandler
                0x000065c8                UART5_RX_TX_DriverIRQHandler
 .text          0x000065d8       0x28 ./board/board.o
                0x000065d8                BOARD_InitDebugConsole
 .text          0x00006600      0x174 ./board/clock_config.o
                0x00006678                BOARD_InitBootClocks
                0x000066c0                BOARD_BootClockRUN
                0x00006720                BOARD_BootClockVLPR
 .text          0x00006774        0xe ./board/peripherals.o
                0x00006774                BOARD_InitBootPeripherals
 *fill*         0x00006782        0x2 ff
 .text          0x00006784       0xc4 ./board/pin_mux.o
                0x000067f4                BOARD_InitBootPins
                0x00006800                BOARD_InitPins
 .text          0x00006848      0x2b8 ./CMSIS/system_MK64F12.o
                0x00006848                SystemInit
                0x00006888                SystemCoreClockUpdate
 .text.__main   0x00006b00        0xe c:/nxp/mcuxpressoide_10.1.1_606/ide/tools/bin/../lib/gcc/arm-none-eabi/6.3.1/../../../../arm-none-eabi/lib/thumb/v7e-m/fpv4-sp/hard\libcr_nohost_nf.a(_cr__main.o)
                0x00006b00                __main
 *fill*         0x00006b0e        0x2 ff
 .text.__assertion_failed
                0x00006b10       0x4c c:/nxp/mcuxpressoide_10.1.1_606/ide/tools/bin/../lib/gcc/arm-none-eabi/6.3.1/../../../../arm-none-eabi/lib/thumb/v7e-m/fpv4-sp/hard\libcr_nohost_nf.a(_cr_assert.o)
                0x00006b10                __assertion_failed
 .text.__sys_appexit
                0x00006b5c        0x2 c:/nxp/mcuxpressoide_10.1.1_606/ide/tools/bin/../lib/gcc/arm-none-eabi/6.3.1/../../../../arm-none-eabi/lib/thumb/v7e-m/fpv4-sp/hard\libcr_nohost_nf.a(__sys_appexit.o)
                0x00006b5c                __sys_appexit
                0x00006b5c                __exit
 .text.memcpy   0x00006b5e        0x4 c:/nxp/mcuxpressoide_10.1.1_606/ide/tools/bin/../lib/gcc/arm-none-eabi/6.3.1/../../../../arm-none-eabi/lib/thumb/v7e-m/fpv4-sp/hard\libcr_c.a(memcpy.o)
                0x00006b5e                memcpy
 .text.memset   0x00006b62        0x4 c:/nxp/mcuxpressoide_10.1.1_606/ide/tools/bin/../lib/gcc/arm-none-eabi/6.3.1/../../../../arm-none-eabi/lib/thumb/v7e-m/fpv4-sp/hard\libcr_c.a(memset.o)
                0x00006b62                memset
 .text._deferredlazyseek
                0x00006b66       0x40 c:/nxp/mcuxpressoide_10.1.1_606/ide/tools/bin/../lib/gcc/arm-none-eabi/6.3.1/../../../../arm-none-eabi/lib/thumb/v7e-m/fpv4-sp/hard\libcr_c.a(_deferredlazyseek.o)
                0x00006b66                _deferredlazyseek
 .text.__flsbuf
                0x00006ba6      0x148 c:/nxp/mcuxpressoide_10.1.1_606/ide/tools/bin/../lib/gcc/arm-none-eabi/6.3.1/../../../../arm-none-eabi/lib/thumb/v7e-m/fpv4-sp/hard\libcr_c.a(_deferredlazyseek.o)
                0x00006ba6                __flsbuf
 .text._fflush  0x00006cee       0x54 c:/nxp/mcuxpressoide_10.1.1_606/ide/tools/bin/../lib/gcc/arm-none-eabi/6.3.1/../../../../arm-none-eabi/lib/thumb/v7e-m/fpv4-sp/hard\libcr_c.a(_fflush.o)
                0x00006cee                _fflush
 *fill*         0x00006d42        0x2 ff
 .text._Cwritebuf
                0x00006d44       0x6c c:/nxp/mcuxpressoide_10.1.1_606/ide/tools/bin/../lib/gcc/arm-none-eabi/6.3.1/../../../../arm-none-eabi/lib/thumb/v7e-m/fpv4-sp/hard\libcr_c.a(_writebuf.o)
                0x00006d44                _Cwritebuf
 .text.malloc   0x00006db0       0xc4 c:/nxp/mcuxpressoide_10.1.1_606/ide/tools/bin/../lib/gcc/arm-none-eabi/6.3.1/../../../../arm-none-eabi/lib/thumb/v7e-m/fpv4-sp/hard\libcr_c.a(alloc.o)
                0x00006db0                malloc
 .text.free     0x00006e74       0x30 c:/nxp/mcuxpressoide_10.1.1_606/ide/tools/bin/../lib/gcc/arm-none-eabi/6.3.1/../../../../arm-none-eabi/lib/thumb/v7e-m/fpv4-sp/hard\libcr_c.a(alloc.o)
                0x00006e74                free
 .text._Csys_alloc
                0x00006ea4       0x20 c:/nxp/mcuxpressoide_10.1.1_606/ide/tools/bin/../lib/gcc/arm-none-eabi/6.3.1/../../../../arm-none-eabi/lib/thumb/v7e-m/fpv4-sp/hard\libcr_c.a(alloc.o)
                0x00006ea4                _Csys_alloc
 .text.fputs    0x00006ec4       0x2c c:/nxp/mcuxpressoide_10.1.1_606/ide/tools/bin/../lib/gcc/arm-none-eabi/6.3.1/../../../../arm-none-eabi/lib/thumb/v7e-m/fpv4-sp/hard\libcr_c.a(fputs.o)
                0x00006ec4                fputs
 .text.fseek    0x00006ef0      0x100 c:/nxp/mcuxpressoide_10.1.1_606/ide/tools/bin/../lib/gcc/arm-none-eabi/6.3.1/../../../../arm-none-eabi/lib/thumb/v7e-m/fpv4-sp/hard\libcr_c.a(fseek.o)
                0x00006ef0                fseek
 .text.ftell    0x00006ff0       0x48 c:/nxp/mcuxpressoide_10.1.1_606/ide/tools/bin/../lib/gcc/arm-none-eabi/6.3.1/../../../../arm-none-eabi/lib/thumb/v7e-m/fpv4-sp/hard\libcr_c.a(ftell.o)
                0x00006ff0                ftell
 .text._initio  0x00007038       0x78 c:/nxp/mcuxpressoide_10.1.1_606/ide/tools/bin/../lib/gcc/arm-none-eabi/6.3.1/../../../../arm-none-eabi/lib/thumb/v7e-m/fpv4-sp/hard\libcr_c.a(initio.o)
                0x00007038                _initio
 .text.setvbuf  0x000070b0       0x40 c:/nxp/mcuxpressoide_10.1.1_606/ide/tools/bin/../lib/gcc/arm-none-eabi/6.3.1/../../../../arm-none-eabi/lib/thumb/v7e-m/fpv4-sp/hard\libcr_c.a(setvbuf.o)
                0x000070b0                setvbuf
 .text.strlen   0x000070f0       0x4a c:/nxp/mcuxpressoide_10.1.1_606/ide/tools/bin/../lib/gcc/arm-none-eabi/6.3.1/../../../../arm-none-eabi/lib/thumb/v7e-m/fpv4-sp/hard\libcr_c.a(strlen.o)
                0x000070f0                strlen
 *fill*         0x0000713a        0x2 ff
 .text._sbrk    0x0000713c       0x3c c:/nxp/mcuxpressoide_10.1.1_606/ide/tools/bin/../lib/gcc/arm-none-eabi/6.3.1/../../../../arm-none-eabi/lib/thumb/v7e-m/fpv4-sp/hard\libcr_c.a(_cr_sbrk.o)
                0x0000713c                _sbrk
 .text._fdopen  0x00007178       0x68 c:/nxp/mcuxpressoide_10.1.1_606/ide/tools/bin/../lib/gcc/arm-none-eabi/6.3.1/../../../../arm-none-eabi/lib/thumb/v7e-m/fpv4-sp/hard\libcr_c.a(_fdopen.o)
                0x00007178                _fdopen
 .text.fclose   0x000071e0       0x58 c:/nxp/mcuxpressoide_10.1.1_606/ide/tools/bin/../lib/gcc/arm-none-eabi/6.3.1/../../../../arm-none-eabi/lib/thumb/v7e-m/fpv4-sp/hard\libcr_c.a(fclose.o)
                0x000071e0                fclose
 .text.fflush   0x00007238       0x44 c:/nxp/mcuxpressoide_10.1.1_606/ide/tools/bin/../lib/gcc/arm-none-eabi/6.3.1/../../../../arm-none-eabi/lib/thumb/v7e-m/fpv4-sp/hard\libcr_c.a(fflush.o)
                0x00007238                fflush
 .text.remove   0x0000727c       0x14 c:/nxp/mcuxpressoide_10.1.1_606/ide/tools/bin/../lib/gcc/arm-none-eabi/6.3.1/../../../../arm-none-eabi/lib/thumb/v7e-m/fpv4-sp/hard\libcr_c.a(remove.o)
                0x0000727c                remove
 .text.__check_heap_overflow
                0x00007290       0x18 c:/nxp/mcuxpressoide_10.1.1_606/ide/tools/bin/../lib/gcc/arm-none-eabi/6.3.1/../../../../arm-none-eabi/lib/thumb/v7e-m/fpv4-sp/hard\libcr_c.a(_cr_check_heap.o)
                0x00007290                __check_heap_overflow
 .text._do_fflush
                0x000072a8       0x40 c:/nxp/mcuxpressoide_10.1.1_606/ide/tools/bin/../lib/gcc/arm-none-eabi/6.3.1/../../../../arm-none-eabi/lib/thumb/v7e-m/fpv4-sp/hard\libcr_c.a(_do_fflush.o)
                0x000072a8                _do_fflush
 .text.__aeabi_memcpy
                0x000072e8       0x34 c:/nxp/mcuxpressoide_10.1.1_606/ide/tools/bin/../lib/gcc/arm-none-eabi/6.3.1/thumb/v7e-m/fpv4-sp/hard\libcr_eabihelpers.a(memcpy.o)
                0x000072e8                __aeabi_memcpy
                0x000072f2                __aeabi_memcpy8
                0x000072f2                __aeabi_memcpy4
 .text.__aeabi_memset_lowlevel
                0x0000731c       0x32 c:/nxp/mcuxpressoide_10.1.1_606/ide/tools/bin/../lib/gcc/arm-none-eabi/6.3.1/thumb/v7e-m/fpv4-sp/hard\libcr_eabihelpers.a(memcpy.o)
                0x0000731c                __aeabi_lowlevel_memset
 .text.__sys_close
                0x0000734e        0x6 c:/nxp/mcuxpressoide_10.1.1_606/ide/tools/bin/../lib/gcc/arm-none-eabi/6.3.1/../../../../arm-none-eabi/lib/thumb/v7e-m/fpv4-sp/hard\libcr_nohost_nf.a(__sys_close.o)
                0x0000734e                __sys_close
 .text.__sys_flen
                0x00007354        0x6 c:/nxp/mcuxpressoide_10.1.1_606/ide/tools/bin/../lib/gcc/arm-none-eabi/6.3.1/../../../../arm-none-eabi/lib/thumb/v7e-m/fpv4-sp/hard\libcr_nohost_nf.a(__sys_flen.o)
                0x00007354                __sys_flen
 .text.__sys_istty
                0x0000735a        0x6 c:/nxp/mcuxpressoide_10.1.1_606/ide/tools/bin/../lib/gcc/arm-none-eabi/6.3.1/../../../../arm-none-eabi/lib/thumb/v7e-m/fpv4-sp/hard\libcr_nohost_nf.a(__sys_istty.o)
                0x0000735a                __sys_istty
 .text.__sys_remove
                0x00007360        0x6 c:/nxp/mcuxpressoide_10.1.1_606/ide/tools/bin/../lib/gcc/arm-none-eabi/6.3.1/../../../../arm-none-eabi/lib/thumb/v7e-m/fpv4-sp/hard\libcr_nohost_nf.a(__sys_remove.o)
                0x00007360                __sys_remove
 .text.__sys_seek
                0x00007366        0x6 c:/nxp/mcuxpressoide_10.1.1_606/ide/tools/bin/../lib/gcc/arm-none-eabi/6.3.1/../../../../arm-none-eabi/lib/thumb/v7e-m/fpv4-sp/hard\libcr_nohost_nf.a(__sys_seek.o)
                0x00007366                __sys_seek
 .text.__sys_tmpnam
                0x0000736c        0x6 c:/nxp/mcuxpressoide_10.1.1_606/ide/tools/bin/../lib/gcc/arm-none-eabi/6.3.1/../../../../arm-none-eabi/lib/thumb/v7e-m/fpv4-sp/hard\libcr_nohost_nf.a(__sys_tmpnam.o)
                0x0000736c                __sys_tmpnam
 .text.__sys_write
                0x00007372        0x4 c:/nxp/mcuxpressoide_10.1.1_606/ide/tools/bin/../lib/gcc/arm-none-eabi/6.3.1/../../../../arm-none-eabi/lib/thumb/v7e-m/fpv4-sp/hard\libcr_nohost_nf.a(__sys_write.o)
                0x00007372                __sys_write
 *(.rodata .rodata.* .constdata .constdata.*)
 *fill*         0x00007376        0x2 ff
 .rodata        0x00007378       0x50 ./utilities/fsl_debug_console.o
 .rodata        0x000073c8       0x27 ./utilities/fsl_io.o
 *fill*         0x000073ef        0x1 ff
 .rodata        0x000073f0       0x80 ./utilities/fsl_log.o
 .rodata        0x00007470       0x6a ./source/PIT_leds.o
 *fill*         0x000074da        0x2 ff
 .rodata        0x000074dc      0x1ac ./drivers/fsl_clock.o
 .rodata        0x00007688       0x4e ./drivers/fsl_flash.o
                0x00007688                kFCCOBx
                0x0000768c                kFPROTL
                0x000076b8                kPFlashDensities
 *fill*         0x000076d6        0x2 ff
 .rodata        0x000076d8       0x8a ./drivers/fsl_gpio.o
 *fill*         0x00007762        0x2 ff
 .rodata        0x00007764        0x2 ./drivers/fsl_smc.o
 *fill*         0x00007766        0x2 ff
 .rodata        0x00007768      0x54b ./drivers/fsl_uart.o
 *fill*         0x00007cb3        0x1 ff
 .rodata        0x00007cb4       0x38 ./board/clock_config.o
                0x00007cb4                mcgConfig_BOARD_BootClockRUN
                0x00007cc0                simConfig_BOARD_BootClockRUN
                0x00007cc8                oscConfig_BOARD_BootClockRUN
                0x00007cd0                mcgConfig_BOARD_BootClockVLPR
                0x00007cdc                simConfig_BOARD_BootClockVLPR
                0x00007ce4                oscConfig_BOARD_BootClockVLPR
 .rodata.__assertion_failed.str1.1
                0x00007cec       0x15 c:/nxp/mcuxpressoide_10.1.1_606/ide/tools/bin/../lib/gcc/arm-none-eabi/6.3.1/../../../../arm-none-eabi/lib/thumb/v7e-m/fpv4-sp/hard\libcr_nohost_nf.a(_cr_assert.o)
 *fill*         0x00007d01        0x3 ff
 .rodata.__num_Ciob_streams
                0x00007d04        0x4 c:/nxp/mcuxpressoide_10.1.1_606/ide/tools/bin/../lib/gcc/arm-none-eabi/6.3.1/../../../../arm-none-eabi/lib/thumb/v7e-m/fpv4-sp/hard\libcr_nohost_nf.a(__ciob.o)
                0x00007d04                __num_Ciob_streams
 .rodata._Csys_alloc.str1.1
                0x00007d08       0x18 c:/nxp/mcuxpressoide_10.1.1_606/ide/tools/bin/../lib/gcc/arm-none-eabi/6.3.1/../../../../arm-none-eabi/lib/thumb/v7e-m/fpv4-sp/hard\libcr_c.a(alloc.o)
 .rodata._initio.str1.1
                0x00007d20        0x4 c:/nxp/mcuxpressoide_10.1.1_606/ide/tools/bin/../lib/gcc/arm-none-eabi/6.3.1/../../../../arm-none-eabi/lib/thumb/v7e-m/fpv4-sp/hard\libcr_c.a(initio.o)
                0x00007d24                . = ALIGN (0x4)

.glue_7         0x00007d24        0x0
 .glue_7        0x00007d24        0x0 linker stubs

.glue_7t        0x00007d24        0x0
 .glue_7t       0x00007d24        0x0 linker stubs

.vfp11_veneer   0x00007d24        0x0
 .vfp11_veneer  0x00007d24        0x0 linker stubs

.v4_bx          0x00007d24        0x0
 .v4_bx         0x00007d24        0x0 linker stubs

.iplt           0x00007d24        0x0
 .iplt          0x00007d24        0x0 ./utilities/fsl_debug_console.o

.rel.dyn        0x00007d24        0x0
 .rel.iplt      0x00007d24        0x0 ./utilities/fsl_debug_console.o

.ARM.extab
 *(.ARM.extab* .gnu.linkonce.armextab.*)
                0x00007d24                __exidx_start = .

.ARM.exidx
 *(.ARM.exidx* .gnu.linkonce.armexidx.*)
                0x00007d24                __exidx_end = .
                0x00007d24                _etext = .

.m_usb_data
 *(m_usb_bdt)

.data_RAM2      0x1fff0000        0x0 load address 0x00007d24
 FILL mask 0xff
                [!provide]                PROVIDE (__start_data_RAM2, .)
 *(.ramfunc.$RAM2)
 *(.ramfunc.$SRAM_LOWER)
 *(.data.$RAM2*)
 *(.data.$SRAM_LOWER*)
                0x1fff0000                . = ALIGN (0x4)
                [!provide]                PROVIDE (__end_data_RAM2, .)

.data_RAM3      0x14000000        0x0 load address 0x00007d24
 FILL mask 0xff
                [!provide]                PROVIDE (__start_data_RAM3, .)
 *(.ramfunc.$RAM3)
 *(.ramfunc.$FLEX_RAM)
 *(.data.$RAM3*)
 *(.data.$FLEX_RAM*)
                0x14000000                . = ALIGN (0x4)
                [!provide]                PROVIDE (__end_data_RAM3, .)

.uninit_RESERVED
                0x20000000        0x0
 *(.bss.$RESERVED*)
                0x20000000                . = ALIGN (0x4)
                0x20000000                _end_uninit_RESERVED = .

.data           0x20000000       0x10 load address 0x00007d24
 FILL mask 0xff
                0x20000000                _data = .
 *(vtable)
 *(.ramfunc*)
 *(.data*)
 .data          0x20000000        0x2 ./source/PIT_leds.o
                0x20000000                bttn2
                0x20000001                bttn3
 *fill*         0x20000002        0x2 ff
 .data          0x20000004        0x8 ./drivers/fsl_clock.o
 .data          0x2000000c        0x4 ./CMSIS/system_MK64F12.o
                0x2000000c                SystemCoreClock
                0x20000010                . = ALIGN (0x4)
                0x20000010                _edata = .

.igot.plt       0x20000010        0x0 load address 0x00007d34
 .igot.plt      0x20000010        0x0 ./utilities/fsl_debug_console.o

.bss_RAM2       0x1fff0000        0x0
                [!provide]                PROVIDE (__start_bss_RAM2, .)
 *(.bss.$RAM2*)
 *(.bss.$SRAM_LOWER*)
                0x1fff0000                . = ALIGN ((. != 0x0)?0x4:0x1)
                [!provide]                PROVIDE (__end_bss_RAM2, .)

.bss_RAM3       0x14000000        0x0
                [!provide]                PROVIDE (__start_bss_RAM3, .)
 *(.bss.$RAM3*)
 *(.bss.$FLEX_RAM*)
                0x14000000                . = ALIGN ((. != 0x0)?0x4:0x1)
                [!provide]                PROVIDE (__end_bss_RAM3, .)

.bss            0x20000010      0x190
                0x20000010                _bss = .
 *(.bss*)
 .bss           0x20000010        0x8 ./utilities/fsl_io.o
 .bss           0x20000018        0xc ./source/PIT_leds.o
                0x20000018                sequenceCtrl
 .bss           0x20000024        0x8 ./drivers/fsl_clock.o
                0x20000024                g_xtal0Freq
                0x20000028                g_xtal32Freq
 .bss           0x2000002c       0x94 ./drivers/fsl_flash.o
 .bss           0x200000c0        0x4 ./drivers/fsl_smc.o
 .bss           0x200000c4       0x1c ./drivers/fsl_uart.o
 .bss.__Ciob    0x200000e0       0xb4 c:/nxp/mcuxpressoide_10.1.1_606/ide/tools/bin/../lib/gcc/arm-none-eabi/6.3.1/../../../../arm-none-eabi/lib/thumb/v7e-m/fpv4-sp/hard\libcr_nohost_nf.a(__ciob.o)
                0x200000e0                __Ciob
 .bss.__end_of_heap
                0x20000194        0x4 c:/nxp/mcuxpressoide_10.1.1_606/ide/tools/bin/../lib/gcc/arm-none-eabi/6.3.1/../../../../arm-none-eabi/lib/thumb/v7e-m/fpv4-sp/hard\libcr_c.a(__init_alloc.o)
                0x20000194                __end_of_heap
 .bss.__heaps   0x20000198        0x4 c:/nxp/mcuxpressoide_10.1.1_606/ide/tools/bin/../lib/gcc/arm-none-eabi/6.3.1/../../../../arm-none-eabi/lib/thumb/v7e-m/fpv4-sp/hard\libcr_c.a(__init_alloc.o)
                0x20000198                __heaps
 .bss.errno     0x2000019c        0x4 c:/nxp/mcuxpressoide_10.1.1_606/ide/tools/bin/../lib/gcc/arm-none-eabi/6.3.1/../../../../arm-none-eabi/lib/thumb/v7e-m/fpv4-sp/hard\libcr_c.a(errno.o)
                0x2000019c                errno
 *(COMMON)
                0x200001a0                . = ALIGN (0x4)
                0x200001a0                _ebss = .
                [!provide]                PROVIDE (end, .)

.noinit_RAM2    0x1fff0000        0x0
 *(.noinit.$RAM2*)
 *(.noinit.$SRAM_LOWER*)
                0x1fff0000                . = ALIGN (0x4)

.noinit_RAM3    0x14000000        0x0
 *(.noinit.$RAM3*)
 *(.noinit.$FLEX_RAM*)
                0x14000000                . = ALIGN (0x4)

.noinit         0x200001a0        0x0
                0x200001a0                _noinit = .
 *(.noinit*)
                0x200001a0                . = ALIGN (0x4)
                0x200001a0                _end_noinit = .
                0x00001000                _HeapSize = 0x1000

.heap           0x200001a0     0x1000
                0x200001a0                _pvHeapStart = .
                0x200011a0                . = (. + _HeapSize)
 *fill*         0x200001a0     0x1000 
                0x200011a0                . = ALIGN (0x4)
                0x200011a0                _pvHeapLimit = .
                0x00001000                _StackSize = 0x1000

.heap2stackfill
                0x200011a0     0x1000
                0x200021a0                . = (. + _StackSize)
 *fill*         0x200011a0     0x1000 

.stack          0x2002f000        0x0
                0x2002f000                _vStackBase = .
                0x2002f000                . = ALIGN (0x4)
                0x20030000                _vStackTop = (. + _StackSize)
                0x00000000                _image_start = LOADADDR (.text)
                0x00007d34                _image_end = (LOADADDR (.data) + SIZEOF (.data))
                0x00007d34                _image_size = (_image_end - _image_start)
OUTPUT(PIT_leds.axf elf32-littlearm)

.debug_info     0x00000000     0xb697
 .debug_info    0x00000000      0x37a ./utilities/fsl_debug_console.o
 .debug_info    0x0000037a      0x81e ./utilities/fsl_io.o
 .debug_info    0x00000b98      0x340 ./utilities/fsl_log.o
 .debug_info    0x00000ed8      0x53a ./utilities/fsl_str.o
 .debug_info    0x00001412      0x8b7 ./startup/startup_mk64f12.o
 .debug_info    0x00001cc9     0x14a7 ./source/PIT_leds.o
 .debug_info    0x00003170       0x3b ./source/semihost_hardfault.o
 .debug_info    0x000031ab     0x1e89 ./drivers/fsl_clock.o
 .debug_info    0x00005034     0x1e79 ./drivers/fsl_flash.o
 .debug_info    0x00006ead      0x619 ./drivers/fsl_gpio.o
 .debug_info    0x000074c6      0xa73 ./drivers/fsl_smc.o
 .debug_info    0x00007f39     0x19d5 ./drivers/fsl_uart.o
 .debug_info    0x0000990e      0x614 ./board/board.o
 .debug_info    0x00009f22      0xaad ./board/clock_config.o
 .debug_info    0x0000a9cf       0x3b ./board/peripherals.o
 .debug_info    0x0000aa0a      0x667 ./board/pin_mux.o
 .debug_info    0x0000b071      0x626 ./CMSIS/system_MK64F12.o

.debug_abbrev   0x00000000     0x1e16
 .debug_abbrev  0x00000000      0x177 ./utilities/fsl_debug_console.o
 .debug_abbrev  0x00000177      0x21e ./utilities/fsl_io.o
 .debug_abbrev  0x00000395      0x17e ./utilities/fsl_log.o
 .debug_abbrev  0x00000513      0x195 ./utilities/fsl_str.o
 .debug_abbrev  0x000006a8      0x15c ./startup/startup_mk64f12.o
 .debug_abbrev  0x00000804      0x2e5 ./source/PIT_leds.o
 .debug_abbrev  0x00000ae9       0x2f ./source/semihost_hardfault.o
 .debug_abbrev  0x00000b18      0x305 ./drivers/fsl_clock.o
 .debug_abbrev  0x00000e1d      0x265 ./drivers/fsl_flash.o
 .debug_abbrev  0x00001082      0x1ac ./drivers/fsl_gpio.o
 .debug_abbrev  0x0000122e      0x2bd ./drivers/fsl_smc.o
 .debug_abbrev  0x000014eb      0x2ff ./drivers/fsl_uart.o
 .debug_abbrev  0x000017ea      0x13c ./board/board.o
 .debug_abbrev  0x00001926      0x1f0 ./board/clock_config.o
 .debug_abbrev  0x00001b16       0x2f ./board/peripherals.o
 .debug_abbrev  0x00001b45      0x195 ./board/pin_mux.o
 .debug_abbrev  0x00001cda      0x13c ./CMSIS/system_MK64F12.o

.debug_aranges  0x00000000      0x288
 .debug_aranges
                0x00000000       0x20 ./utilities/fsl_debug_console.o
 .debug_aranges
                0x00000020       0x20 ./utilities/fsl_io.o
 .debug_aranges
                0x00000040       0x20 ./utilities/fsl_log.o
 .debug_aranges
                0x00000060       0x20 ./utilities/fsl_str.o
 .debug_aranges
                0x00000080       0x88 ./startup/startup_mk64f12.o
 .debug_aranges
                0x00000108       0x20 ./source/PIT_leds.o
 .debug_aranges
                0x00000128       0x20 ./source/semihost_hardfault.o
 .debug_aranges
                0x00000148       0x20 ./drivers/fsl_clock.o
 .debug_aranges
                0x00000168       0x20 ./drivers/fsl_flash.o
 .debug_aranges
                0x00000188       0x20 ./drivers/fsl_gpio.o
 .debug_aranges
                0x000001a8       0x20 ./drivers/fsl_smc.o
 .debug_aranges
                0x000001c8       0x20 ./drivers/fsl_uart.o
 .debug_aranges
                0x000001e8       0x20 ./board/board.o
 .debug_aranges
                0x00000208       0x20 ./board/clock_config.o
 .debug_aranges
                0x00000228       0x20 ./board/peripherals.o
 .debug_aranges
                0x00000248       0x20 ./board/pin_mux.o
 .debug_aranges
                0x00000268       0x20 ./CMSIS/system_MK64F12.o

.debug_macro    0x00000000    0x12e2f
 .debug_macro   0x00000000      0x127 ./utilities/fsl_debug_console.o
 .debug_macro   0x00000127      0x8ec ./utilities/fsl_debug_console.o
 .debug_macro   0x00000a13       0x10 ./utilities/fsl_debug_console.o
 .debug_macro   0x00000a23       0x16 ./utilities/fsl_debug_console.o
 .debug_macro   0x00000a39       0x10 ./utilities/fsl_debug_console.o
 .debug_macro   0x00000a49      0x12d ./utilities/fsl_debug_console.o
 .debug_macro   0x00000b76       0x28 ./utilities/fsl_debug_console.o
 .debug_macro   0x00000b9e       0x16 ./utilities/fsl_debug_console.o
 .debug_macro   0x00000bb4       0x22 ./utilities/fsl_debug_console.o
 .debug_macro   0x00000bd6      0x5b2 ./utilities/fsl_debug_console.o
 .debug_macro   0x00001188       0x10 ./utilities/fsl_debug_console.o
 .debug_macro   0x00001198       0x5b ./utilities/fsl_debug_console.o
 .debug_macro   0x000011f3       0x1c ./utilities/fsl_debug_console.o
 .debug_macro   0x0000120f       0x22 ./utilities/fsl_debug_console.o
 .debug_macro   0x00001231       0xd9 ./utilities/fsl_debug_console.o
 .debug_macro   0x0000130a      0xec1 ./utilities/fsl_debug_console.o
 .debug_macro   0x000021cb       0x44 ./utilities/fsl_debug_console.o
 .debug_macro   0x0000220f     0xe07b ./utilities/fsl_debug_console.o
 .debug_macro   0x0001028a     0x143f ./utilities/fsl_debug_console.o
 .debug_macro   0x000116c9       0x46 ./utilities/fsl_debug_console.o
 .debug_macro   0x0001170f      0x171 ./utilities/fsl_debug_console.o
 .debug_macro   0x00011880       0x5f ./utilities/fsl_debug_console.o
 .debug_macro   0x000118df       0x1c ./utilities/fsl_debug_console.o
 .debug_macro   0x000118fb       0x43 ./utilities/fsl_debug_console.o
 .debug_macro   0x0001193e      0x102 ./utilities/fsl_io.o
 .debug_macro   0x00011a40       0x1c ./utilities/fsl_io.o
 .debug_macro   0x00011a5c       0x10 ./utilities/fsl_io.o
 .debug_macro   0x00011a6c      0x135 ./utilities/fsl_log.o
 .debug_macro   0x00011ba1      0x118 ./utilities/fsl_str.o
 .debug_macro   0x00011cb9       0xc4 ./utilities/fsl_str.o
 .debug_macro   0x00011d7d       0x1c ./utilities/fsl_str.o
 .debug_macro   0x00011d99       0x29 ./startup/startup_mk64f12.o
 .debug_macro   0x00011dc2      0x157 ./source/PIT_leds.o
 .debug_macro   0x00011f19       0xd8 ./source/PIT_leds.o
 .debug_macro   0x00011ff1       0x16 ./source/PIT_leds.o
 .debug_macro   0x00012007       0x10 ./source/PIT_leds.o
 .debug_macro   0x00012017      0x15e ./source/PIT_leds.o
 .debug_macro   0x00012175       0x22 ./source/PIT_leds.o
 .debug_macro   0x00012197       0x10 ./source/PIT_leds.o
 .debug_macro   0x000121a7       0x10 ./source/PIT_leds.o
 .debug_macro   0x000121b7       0x11 ./source/semihost_hardfault.o
 .debug_macro   0x000121c8      0x1a6 ./drivers/fsl_clock.o
 .debug_macro   0x0001236e      0x34b ./drivers/fsl_flash.o
 .debug_macro   0x000126b9       0x43 ./drivers/fsl_flash.o
 .debug_macro   0x000126fc       0xf0 ./drivers/fsl_gpio.o
 .debug_macro   0x000127ec       0xf9 ./drivers/fsl_smc.o
 .debug_macro   0x000128e5       0x49 ./drivers/fsl_smc.o
 .debug_macro   0x0001292e       0xf6 ./drivers/fsl_uart.o
 .debug_macro   0x00012a24      0x110 ./board/board.o
 .debug_macro   0x00012b34       0x1c ./board/board.o
 .debug_macro   0x00012b50      0x127 ./board/clock_config.o
 .debug_macro   0x00012c77       0x1b ./board/peripherals.o
 .debug_macro   0x00012c92      0x105 ./board/pin_mux.o
 .debug_macro   0x00012d97       0x98 ./CMSIS/system_MK64F12.o

.debug_line     0x00000000     0x3962
 .debug_line    0x00000000      0x337 ./utilities/fsl_debug_console.o
 .debug_line    0x00000337      0x30a ./utilities/fsl_io.o
 .debug_line    0x00000641      0x310 ./utilities/fsl_log.o
 .debug_line    0x00000951      0x570 ./utilities/fsl_str.o
 .debug_line    0x00000ec1      0x183 ./startup/startup_mk64f12.o
 .debug_line    0x00001044      0x454 ./source/PIT_leds.o
 .debug_line    0x00001498       0x54 ./source/semihost_hardfault.o
 .debug_line    0x000014ec      0x668 ./drivers/fsl_clock.o
 .debug_line    0x00001b54      0x600 ./drivers/fsl_flash.o
 .debug_line    0x00002154      0x270 ./drivers/fsl_gpio.o
 .debug_line    0x000023c4      0x384 ./drivers/fsl_smc.o
 .debug_line    0x00002748      0x75f ./drivers/fsl_uart.o
 .debug_line    0x00002ea7      0x2fd ./board/board.o
 .debug_line    0x000031a4      0x2d2 ./board/clock_config.o
 .debug_line    0x00003476       0x58 ./board/peripherals.o
 .debug_line    0x000034ce      0x2a4 ./board/pin_mux.o
 .debug_line    0x00003772      0x1f0 ./CMSIS/system_MK64F12.o

.debug_str      0x00000000    0x820e5
 .debug_str     0x00000000    0x78ed7 ./utilities/fsl_debug_console.o
                              0x78fc4 (size before relaxing)
 .debug_str     0x00078ed7      0xa25 ./utilities/fsl_io.o
                              0x79776 (size before relaxing)
 .debug_str     0x000798fc      0x1d8 ./utilities/fsl_log.o
                              0x78f54 (size before relaxing)
 .debug_str     0x00079ad4      0x68d ./utilities/fsl_str.o
                              0x79457 (size before relaxing)
 .debug_str     0x0007a161      0x80f ./startup/startup_mk64f12.o
                               0x2e9c (size before relaxing)
 .debug_str     0x0007a970     0x213b ./source/PIT_leds.o
                              0x7b33c (size before relaxing)
 .debug_str     0x0007caab       0x1f ./source/semihost_hardfault.o
                               0x2624 (size before relaxing)
 .debug_str     0x0007caca     0x1782 ./drivers/fsl_clock.o
                              0x7aeb9 (size before relaxing)
 .debug_str     0x0007e24c     0x2bdc ./drivers/fsl_flash.o
                              0x7bdf3 (size before relaxing)
 .debug_str     0x00080e28       0x96 ./drivers/fsl_gpio.o
                              0x7926d (size before relaxing)
 .debug_str     0x00080ebe      0x405 ./drivers/fsl_smc.o
                              0x79828 (size before relaxing)
 .debug_str     0x000812c3      0x9e0 ./drivers/fsl_uart.o
                              0x7a7aa (size before relaxing)
 .debug_str     0x00081ca3       0x37 ./board/board.o
                              0x79b27 (size before relaxing)
 .debug_str     0x00081cda      0x2a3 ./board/clock_config.o
                              0x79920 (size before relaxing)
 .debug_str     0x00081f7d       0x31 ./board/peripherals.o
                               0x2635 (size before relaxing)
 .debug_str     0x00081fae       0x8a ./board/pin_mux.o
                              0x7909b (size before relaxing)
 .debug_str     0x00082038       0xad ./CMSIS/system_MK64F12.o
                              0x77eb8 (size before relaxing)

.comment        0x00000000       0x7f
 .comment       0x00000000       0x7f ./utilities/fsl_debug_console.o
                                 0x80 (size before relaxing)
 .comment       0x0000007f       0x80 ./utilities/fsl_io.o
 .comment       0x0000007f       0x80 ./utilities/fsl_log.o
 .comment       0x0000007f       0x80 ./utilities/fsl_str.o
 .comment       0x0000007f       0x80 ./startup/startup_mk64f12.o
 .comment       0x0000007f       0x80 ./source/PIT_leds.o
 .comment       0x0000007f       0x80 ./source/semihost_hardfault.o
 .comment       0x0000007f       0x80 ./drivers/fsl_clock.o
 .comment       0x0000007f       0x80 ./drivers/fsl_flash.o
 .comment       0x0000007f       0x80 ./drivers/fsl_gpio.o
 .comment       0x0000007f       0x80 ./drivers/fsl_smc.o
 .comment       0x0000007f       0x80 ./drivers/fsl_uart.o
 .comment       0x0000007f       0x80 ./board/board.o
 .comment       0x0000007f       0x80 ./board/clock_config.o
 .comment       0x0000007f       0x80 ./board/peripherals.o
 .comment       0x0000007f       0x80 ./board/pin_mux.o
 .comment       0x0000007f       0x80 ./CMSIS/system_MK64F12.o
 .comment       0x0000007f       0x80 c:/nxp/mcuxpressoide_10.1.1_606/ide/tools/bin/../lib/gcc/arm-none-eabi/6.3.1/../../../../arm-none-eabi/lib/thumb/v7e-m/fpv4-sp/hard\libcr_nohost_nf.a(_cr__main.o)
 .comment       0x0000007f       0x80 c:/nxp/mcuxpressoide_10.1.1_606/ide/tools/bin/../lib/gcc/arm-none-eabi/6.3.1/../../../../arm-none-eabi/lib/thumb/v7e-m/fpv4-sp/hard\libcr_nohost_nf.a(_cr_assert.o)
 .comment       0x0000007f       0x80 c:/nxp/mcuxpressoide_10.1.1_606/ide/tools/bin/../lib/gcc/arm-none-eabi/6.3.1/../../../../arm-none-eabi/lib/thumb/v7e-m/fpv4-sp/hard\libcr_nohost_nf.a(__ciob.o)
 .comment       0x0000007f       0x80 c:/nxp/mcuxpressoide_10.1.1_606/ide/tools/bin/../lib/gcc/arm-none-eabi/6.3.1/../../../../arm-none-eabi/lib/thumb/v7e-m/fpv4-sp/hard\libcr_nohost_nf.a(__sys_appexit.o)
 .comment       0x0000007f       0x80 c:/nxp/mcuxpressoide_10.1.1_606/ide/tools/bin/../lib/gcc/arm-none-eabi/6.3.1/../../../../arm-none-eabi/lib/thumb/v7e-m/fpv4-sp/hard\libcr_c.a(memcpy.o)
 .comment       0x0000007f       0x80 c:/nxp/mcuxpressoide_10.1.1_606/ide/tools/bin/../lib/gcc/arm-none-eabi/6.3.1/../../../../arm-none-eabi/lib/thumb/v7e-m/fpv4-sp/hard\libcr_c.a(memset.o)
 .comment       0x0000007f       0x80 c:/nxp/mcuxpressoide_10.1.1_606/ide/tools/bin/../lib/gcc/arm-none-eabi/6.3.1/../../../../arm-none-eabi/lib/thumb/v7e-m/fpv4-sp/hard\libcr_c.a(_deferredlazyseek.o)
 .comment       0x0000007f       0x80 c:/nxp/mcuxpressoide_10.1.1_606/ide/tools/bin/../lib/gcc/arm-none-eabi/6.3.1/../../../../arm-none-eabi/lib/thumb/v7e-m/fpv4-sp/hard\libcr_c.a(_fflush.o)
 .comment       0x0000007f       0x80 c:/nxp/mcuxpressoide_10.1.1_606/ide/tools/bin/../lib/gcc/arm-none-eabi/6.3.1/../../../../arm-none-eabi/lib/thumb/v7e-m/fpv4-sp/hard\libcr_c.a(_writebuf.o)
 .comment       0x0000007f       0x80 c:/nxp/mcuxpressoide_10.1.1_606/ide/tools/bin/../lib/gcc/arm-none-eabi/6.3.1/../../../../arm-none-eabi/lib/thumb/v7e-m/fpv4-sp/hard\libcr_c.a(alloc.o)
 .comment       0x0000007f       0x80 c:/nxp/mcuxpressoide_10.1.1_606/ide/tools/bin/../lib/gcc/arm-none-eabi/6.3.1/../../../../arm-none-eabi/lib/thumb/v7e-m/fpv4-sp/hard\libcr_c.a(fputs.o)
 .comment       0x0000007f       0x80 c:/nxp/mcuxpressoide_10.1.1_606/ide/tools/bin/../lib/gcc/arm-none-eabi/6.3.1/../../../../arm-none-eabi/lib/thumb/v7e-m/fpv4-sp/hard\libcr_c.a(fseek.o)
 .comment       0x0000007f       0x80 c:/nxp/mcuxpressoide_10.1.1_606/ide/tools/bin/../lib/gcc/arm-none-eabi/6.3.1/../../../../arm-none-eabi/lib/thumb/v7e-m/fpv4-sp/hard\libcr_c.a(ftell.o)
 .comment       0x0000007f       0x80 c:/nxp/mcuxpressoide_10.1.1_606/ide/tools/bin/../lib/gcc/arm-none-eabi/6.3.1/../../../../arm-none-eabi/lib/thumb/v7e-m/fpv4-sp/hard\libcr_c.a(initio.o)
 .comment       0x0000007f       0x80 c:/nxp/mcuxpressoide_10.1.1_606/ide/tools/bin/../lib/gcc/arm-none-eabi/6.3.1/../../../../arm-none-eabi/lib/thumb/v7e-m/fpv4-sp/hard\libcr_c.a(setvbuf.o)
 .comment       0x0000007f       0x80 c:/nxp/mcuxpressoide_10.1.1_606/ide/tools/bin/../lib/gcc/arm-none-eabi/6.3.1/../../../../arm-none-eabi/lib/thumb/v7e-m/fpv4-sp/hard\libcr_c.a(strlen.o)
 .comment       0x0000007f       0x80 c:/nxp/mcuxpressoide_10.1.1_606/ide/tools/bin/../lib/gcc/arm-none-eabi/6.3.1/../../../../arm-none-eabi/lib/thumb/v7e-m/fpv4-sp/hard\libcr_c.a(__init_alloc.o)
 .comment       0x0000007f       0x80 c:/nxp/mcuxpressoide_10.1.1_606/ide/tools/bin/../lib/gcc/arm-none-eabi/6.3.1/../../../../arm-none-eabi/lib/thumb/v7e-m/fpv4-sp/hard\libcr_c.a(_cr_sbrk.o)
 .comment       0x0000007f       0x80 c:/nxp/mcuxpressoide_10.1.1_606/ide/tools/bin/../lib/gcc/arm-none-eabi/6.3.1/../../../../arm-none-eabi/lib/thumb/v7e-m/fpv4-sp/hard\libcr_c.a(_fdopen.o)
 .comment       0x0000007f       0x80 c:/nxp/mcuxpressoide_10.1.1_606/ide/tools/bin/../lib/gcc/arm-none-eabi/6.3.1/../../../../arm-none-eabi/lib/thumb/v7e-m/fpv4-sp/hard\libcr_c.a(errno.o)
 .comment       0x0000007f       0x80 c:/nxp/mcuxpressoide_10.1.1_606/ide/tools/bin/../lib/gcc/arm-none-eabi/6.3.1/../../../../arm-none-eabi/lib/thumb/v7e-m/fpv4-sp/hard\libcr_c.a(fclose.o)
 .comment       0x0000007f       0x80 c:/nxp/mcuxpressoide_10.1.1_606/ide/tools/bin/../lib/gcc/arm-none-eabi/6.3.1/../../../../arm-none-eabi/lib/thumb/v7e-m/fpv4-sp/hard\libcr_c.a(fflush.o)
 .comment       0x0000007f       0x80 c:/nxp/mcuxpressoide_10.1.1_606/ide/tools/bin/../lib/gcc/arm-none-eabi/6.3.1/../../../../arm-none-eabi/lib/thumb/v7e-m/fpv4-sp/hard\libcr_c.a(remove.o)
 .comment       0x0000007f       0x80 c:/nxp/mcuxpressoide_10.1.1_606/ide/tools/bin/../lib/gcc/arm-none-eabi/6.3.1/../../../../arm-none-eabi/lib/thumb/v7e-m/fpv4-sp/hard\libcr_c.a(_cr_check_heap.o)
 .comment       0x0000007f       0x80 c:/nxp/mcuxpressoide_10.1.1_606/ide/tools/bin/../lib/gcc/arm-none-eabi/6.3.1/../../../../arm-none-eabi/lib/thumb/v7e-m/fpv4-sp/hard\libcr_c.a(_do_fflush.o)
 .comment       0x0000007f       0x80 c:/nxp/mcuxpressoide_10.1.1_606/ide/tools/bin/../lib/gcc/arm-none-eabi/6.3.1/../../../../arm-none-eabi/lib/thumb/v7e-m/fpv4-sp/hard\libcr_nohost_nf.a(__sys_close.o)
 .comment       0x0000007f       0x80 c:/nxp/mcuxpressoide_10.1.1_606/ide/tools/bin/../lib/gcc/arm-none-eabi/6.3.1/../../../../arm-none-eabi/lib/thumb/v7e-m/fpv4-sp/hard\libcr_nohost_nf.a(__sys_flen.o)
 .comment       0x0000007f       0x80 c:/nxp/mcuxpressoide_10.1.1_606/ide/tools/bin/../lib/gcc/arm-none-eabi/6.3.1/../../../../arm-none-eabi/lib/thumb/v7e-m/fpv4-sp/hard\libcr_nohost_nf.a(__sys_istty.o)
 .comment       0x0000007f       0x80 c:/nxp/mcuxpressoide_10.1.1_606/ide/tools/bin/../lib/gcc/arm-none-eabi/6.3.1/../../../../arm-none-eabi/lib/thumb/v7e-m/fpv4-sp/hard\libcr_nohost_nf.a(__sys_remove.o)
 .comment       0x0000007f       0x80 c:/nxp/mcuxpressoide_10.1.1_606/ide/tools/bin/../lib/gcc/arm-none-eabi/6.3.1/../../../../arm-none-eabi/lib/thumb/v7e-m/fpv4-sp/hard\libcr_nohost_nf.a(__sys_seek.o)
 .comment       0x0000007f       0x80 c:/nxp/mcuxpressoide_10.1.1_606/ide/tools/bin/../lib/gcc/arm-none-eabi/6.3.1/../../../../arm-none-eabi/lib/thumb/v7e-m/fpv4-sp/hard\libcr_nohost_nf.a(__sys_tmpnam.o)
 .comment       0x0000007f       0x80 c:/nxp/mcuxpressoide_10.1.1_606/ide/tools/bin/../lib/gcc/arm-none-eabi/6.3.1/../../../../arm-none-eabi/lib/thumb/v7e-m/fpv4-sp/hard\libcr_nohost_nf.a(__sys_write.o)

.ARM.attributes
                0x00000000       0x37
 .ARM.attributes
                0x00000000       0x39 ./utilities/fsl_debug_console.o
 .ARM.attributes
                0x00000039       0x39 ./utilities/fsl_io.o
 .ARM.attributes
                0x00000072       0x39 ./utilities/fsl_log.o
 .ARM.attributes
                0x000000ab       0x39 ./utilities/fsl_str.o
 .ARM.attributes
                0x000000e4       0x39 ./startup/startup_mk64f12.o
 .ARM.attributes
                0x0000011d       0x39 ./source/PIT_leds.o
 .ARM.attributes
                0x00000156       0x39 ./source/semihost_hardfault.o
 .ARM.attributes
                0x0000018f       0x39 ./drivers/fsl_clock.o
 .ARM.attributes
                0x000001c8       0x39 ./drivers/fsl_flash.o
 .ARM.attributes
                0x00000201       0x39 ./drivers/fsl_gpio.o
 .ARM.attributes
                0x0000023a       0x39 ./drivers/fsl_smc.o
 .ARM.attributes
                0x00000273       0x39 ./drivers/fsl_uart.o
 .ARM.attributes
                0x000002ac       0x39 ./board/board.o
 .ARM.attributes
                0x000002e5       0x39 ./board/clock_config.o
 .ARM.attributes
                0x0000031e       0x39 ./board/peripherals.o
 .ARM.attributes
                0x00000357       0x39 ./board/pin_mux.o
 .ARM.attributes
                0x00000390       0x39 ./CMSIS/system_MK64F12.o
 .ARM.attributes
                0x000003c9       0x39 c:/nxp/mcuxpressoide_10.1.1_606/ide/tools/bin/../lib/gcc/arm-none-eabi/6.3.1/../../../../arm-none-eabi/lib/thumb/v7e-m/fpv4-sp/hard\libcr_nohost_nf.a(_cr__main.o)
 .ARM.attributes
                0x00000402       0x39 c:/nxp/mcuxpressoide_10.1.1_606/ide/tools/bin/../lib/gcc/arm-none-eabi/6.3.1/../../../../arm-none-eabi/lib/thumb/v7e-m/fpv4-sp/hard\libcr_nohost_nf.a(_cr_assert.o)
 .ARM.attributes
                0x0000043b       0x39 c:/nxp/mcuxpressoide_10.1.1_606/ide/tools/bin/../lib/gcc/arm-none-eabi/6.3.1/../../../../arm-none-eabi/lib/thumb/v7e-m/fpv4-sp/hard\libcr_nohost_nf.a(__ciob.o)
 .ARM.attributes
                0x00000474       0x39 c:/nxp/mcuxpressoide_10.1.1_606/ide/tools/bin/../lib/gcc/arm-none-eabi/6.3.1/../../../../arm-none-eabi/lib/thumb/v7e-m/fpv4-sp/hard\libcr_nohost_nf.a(__sys_appexit.o)
 .ARM.attributes
                0x000004ad       0x39 c:/nxp/mcuxpressoide_10.1.1_606/ide/tools/bin/../lib/gcc/arm-none-eabi/6.3.1/../../../../arm-none-eabi/lib/thumb/v7e-m/fpv4-sp/hard\libcr_c.a(memcpy.o)
 .ARM.attributes
                0x000004e6       0x39 c:/nxp/mcuxpressoide_10.1.1_606/ide/tools/bin/../lib/gcc/arm-none-eabi/6.3.1/../../../../arm-none-eabi/lib/thumb/v7e-m/fpv4-sp/hard\libcr_c.a(memset.o)
 .ARM.attributes
                0x0000051f       0x39 c:/nxp/mcuxpressoide_10.1.1_606/ide/tools/bin/../lib/gcc/arm-none-eabi/6.3.1/../../../../arm-none-eabi/lib/thumb/v7e-m/fpv4-sp/hard\libcr_c.a(_deferredlazyseek.o)
 .ARM.attributes
                0x00000558       0x39 c:/nxp/mcuxpressoide_10.1.1_606/ide/tools/bin/../lib/gcc/arm-none-eabi/6.3.1/../../../../arm-none-eabi/lib/thumb/v7e-m/fpv4-sp/hard\libcr_c.a(_fflush.o)
 .ARM.attributes
                0x00000591       0x39 c:/nxp/mcuxpressoide_10.1.1_606/ide/tools/bin/../lib/gcc/arm-none-eabi/6.3.1/../../../../arm-none-eabi/lib/thumb/v7e-m/fpv4-sp/hard\libcr_c.a(_writebuf.o)
 .ARM.attributes
                0x000005ca       0x39 c:/nxp/mcuxpressoide_10.1.1_606/ide/tools/bin/../lib/gcc/arm-none-eabi/6.3.1/../../../../arm-none-eabi/lib/thumb/v7e-m/fpv4-sp/hard\libcr_c.a(alloc.o)
 .ARM.attributes
                0x00000603       0x39 c:/nxp/mcuxpressoide_10.1.1_606/ide/tools/bin/../lib/gcc/arm-none-eabi/6.3.1/../../../../arm-none-eabi/lib/thumb/v7e-m/fpv4-sp/hard\libcr_c.a(fputs.o)
 .ARM.attributes
                0x0000063c       0x39 c:/nxp/mcuxpressoide_10.1.1_606/ide/tools/bin/../lib/gcc/arm-none-eabi/6.3.1/../../../../arm-none-eabi/lib/thumb/v7e-m/fpv4-sp/hard\libcr_c.a(fseek.o)
 .ARM.attributes
                0x00000675       0x39 c:/nxp/mcuxpressoide_10.1.1_606/ide/tools/bin/../lib/gcc/arm-none-eabi/6.3.1/../../../../arm-none-eabi/lib/thumb/v7e-m/fpv4-sp/hard\libcr_c.a(ftell.o)
 .ARM.attributes
                0x000006ae       0x39 c:/nxp/mcuxpressoide_10.1.1_606/ide/tools/bin/../lib/gcc/arm-none-eabi/6.3.1/../../../../arm-none-eabi/lib/thumb/v7e-m/fpv4-sp/hard\libcr_c.a(initio.o)
 .ARM.attributes
                0x000006e7       0x39 c:/nxp/mcuxpressoide_10.1.1_606/ide/tools/bin/../lib/gcc/arm-none-eabi/6.3.1/../../../../arm-none-eabi/lib/thumb/v7e-m/fpv4-sp/hard\libcr_c.a(setvbuf.o)
 .ARM.attributes
                0x00000720       0x39 c:/nxp/mcuxpressoide_10.1.1_606/ide/tools/bin/../lib/gcc/arm-none-eabi/6.3.1/../../../../arm-none-eabi/lib/thumb/v7e-m/fpv4-sp/hard\libcr_c.a(strlen.o)
 .ARM.attributes
                0x00000759       0x39 c:/nxp/mcuxpressoide_10.1.1_606/ide/tools/bin/../lib/gcc/arm-none-eabi/6.3.1/../../../../arm-none-eabi/lib/thumb/v7e-m/fpv4-sp/hard\libcr_c.a(__init_alloc.o)
 .ARM.attributes
                0x00000792       0x39 c:/nxp/mcuxpressoide_10.1.1_606/ide/tools/bin/../lib/gcc/arm-none-eabi/6.3.1/../../../../arm-none-eabi/lib/thumb/v7e-m/fpv4-sp/hard\libcr_c.a(_cr_sbrk.o)
 .ARM.attributes
                0x000007cb       0x39 c:/nxp/mcuxpressoide_10.1.1_606/ide/tools/bin/../lib/gcc/arm-none-eabi/6.3.1/../../../../arm-none-eabi/lib/thumb/v7e-m/fpv4-sp/hard\libcr_c.a(_fdopen.o)
 .ARM.attributes
                0x00000804       0x39 c:/nxp/mcuxpressoide_10.1.1_606/ide/tools/bin/../lib/gcc/arm-none-eabi/6.3.1/../../../../arm-none-eabi/lib/thumb/v7e-m/fpv4-sp/hard\libcr_c.a(errno.o)
 .ARM.attributes
                0x0000083d       0x39 c:/nxp/mcuxpressoide_10.1.1_606/ide/tools/bin/../lib/gcc/arm-none-eabi/6.3.1/../../../../arm-none-eabi/lib/thumb/v7e-m/fpv4-sp/hard\libcr_c.a(fclose.o)
 .ARM.attributes
                0x00000876       0x39 c:/nxp/mcuxpressoide_10.1.1_606/ide/tools/bin/../lib/gcc/arm-none-eabi/6.3.1/../../../../arm-none-eabi/lib/thumb/v7e-m/fpv4-sp/hard\libcr_c.a(fflush.o)
 .ARM.attributes
                0x000008af       0x39 c:/nxp/mcuxpressoide_10.1.1_606/ide/tools/bin/../lib/gcc/arm-none-eabi/6.3.1/../../../../arm-none-eabi/lib/thumb/v7e-m/fpv4-sp/hard\libcr_c.a(remove.o)
 .ARM.attributes
                0x000008e8       0x39 c:/nxp/mcuxpressoide_10.1.1_606/ide/tools/bin/../lib/gcc/arm-none-eabi/6.3.1/../../../../arm-none-eabi/lib/thumb/v7e-m/fpv4-sp/hard\libcr_c.a(_cr_check_heap.o)
 .ARM.attributes
                0x00000921       0x39 c:/nxp/mcuxpressoide_10.1.1_606/ide/tools/bin/../lib/gcc/arm-none-eabi/6.3.1/../../../../arm-none-eabi/lib/thumb/v7e-m/fpv4-sp/hard\libcr_c.a(_do_fflush.o)
 .ARM.attributes
                0x0000095a       0x25 c:/nxp/mcuxpressoide_10.1.1_606/ide/tools/bin/../lib/gcc/arm-none-eabi/6.3.1/thumb/v7e-m/fpv4-sp/hard\libcr_eabihelpers.a(memcpy.o)
 .ARM.attributes
                0x0000097f       0x39 c:/nxp/mcuxpressoide_10.1.1_606/ide/tools/bin/../lib/gcc/arm-none-eabi/6.3.1/../../../../arm-none-eabi/lib/thumb/v7e-m/fpv4-sp/hard\libcr_nohost_nf.a(__sys_close.o)
 .ARM.attributes
                0x000009b8       0x39 c:/nxp/mcuxpressoide_10.1.1_606/ide/tools/bin/../lib/gcc/arm-none-eabi/6.3.1/../../../../arm-none-eabi/lib/thumb/v7e-m/fpv4-sp/hard\libcr_nohost_nf.a(__sys_flen.o)
 .ARM.attributes
                0x000009f1       0x39 c:/nxp/mcuxpressoide_10.1.1_606/ide/tools/bin/../lib/gcc/arm-none-eabi/6.3.1/../../../../arm-none-eabi/lib/thumb/v7e-m/fpv4-sp/hard\libcr_nohost_nf.a(__sys_istty.o)
 .ARM.attributes
                0x00000a2a       0x39 c:/nxp/mcuxpressoide_10.1.1_606/ide/tools/bin/../lib/gcc/arm-none-eabi/6.3.1/../../../../arm-none-eabi/lib/thumb/v7e-m/fpv4-sp/hard\libcr_nohost_nf.a(__sys_remove.o)
 .ARM.attributes
                0x00000a63       0x39 c:/nxp/mcuxpressoide_10.1.1_606/ide/tools/bin/../lib/gcc/arm-none-eabi/6.3.1/../../../../arm-none-eabi/lib/thumb/v7e-m/fpv4-sp/hard\libcr_nohost_nf.a(__sys_seek.o)
 .ARM.attributes
                0x00000a9c       0x39 c:/nxp/mcuxpressoide_10.1.1_606/ide/tools/bin/../lib/gcc/arm-none-eabi/6.3.1/../../../../arm-none-eabi/lib/thumb/v7e-m/fpv4-sp/hard\libcr_nohost_nf.a(__sys_tmpnam.o)
 .ARM.attributes
                0x00000ad5       0x39 c:/nxp/mcuxpressoide_10.1.1_606/ide/tools/bin/../lib/gcc/arm-none-eabi/6.3.1/../../../../arm-none-eabi/lib/thumb/v7e-m/fpv4-sp/hard\libcr_nohost_nf.a(__sys_write.o)

.debug_frame    0x00000000     0x2958
 .debug_frame   0x00000000      0x150 ./utilities/fsl_debug_console.o
 .debug_frame   0x00000150       0xe0 ./utilities/fsl_io.o
 .debug_frame   0x00000230      0x120 ./utilities/fsl_log.o
 .debug_frame   0x00000350       0xb4 ./utilities/fsl_str.o
 .debug_frame   0x00000404      0x904 ./startup/startup_mk64f12.o
 .debug_frame   0x00000d08      0x294 ./source/PIT_leds.o
 .debug_frame   0x00000f9c       0x20 ./source/semihost_hardfault.o
 .debug_frame   0x00000fbc      0x820 ./drivers/fsl_clock.o
 .debug_frame   0x000017dc      0x60c ./drivers/fsl_flash.o
 .debug_frame   0x00001de8       0xec ./drivers/fsl_gpio.o
 .debug_frame   0x00001ed4      0x220 ./drivers/fsl_smc.o
 .debug_frame   0x000020f4      0x5ec ./drivers/fsl_uart.o
 .debug_frame   0x000026e0       0x34 ./board/board.o
 .debug_frame   0x00002714      0x124 ./board/clock_config.o
 .debug_frame   0x00002838       0x30 ./board/peripherals.o
 .debug_frame   0x00002868       0x98 ./board/pin_mux.o
 .debug_frame   0x00002900       0x58 ./CMSIS/system_MK64F12.o

.debug_ranges   0x00000000       0x78
 .debug_ranges  0x00000000       0x78 ./startup/startup_mk64f12.o
